// Jest Snapshot v1, https://goo.gl/fbAQLP

exports[`SemanticSelectionQuestion Component render should render exaclty from snapshot 1`] = `ReactWrapper {}`;
