// Jest Snapshot v1, https://goo.gl/fbAQLP

exports[`QuestionnaireInputBox Component render should render exactly from snapshot 1`] = `ReactWrapper {}`;
